../Core/Src/main.c:64:6:map	24	static
../Core/Src/main.c:68:6:setPwm	16	static
../Core/Src/main.c:74:6:setMotorStop	8	static
../Core/Src/main.c:80:6:setMotorStart	16	static
../Core/Src/main.c:100:5:main	24	static
../Core/Src/main.c:164:6:SystemClock_Config	88	static
../Core/Src/main.c:206:13:MX_ADC1_Init	24	static
../Core/Src/main.c:267:13:MX_TIM1_Init	96	static
../Core/Src/main.c:340:13:MX_DMA_Init	16	static
../Core/Src/main.c:358:13:MX_GPIO_Init	40	static
../Core/Src/main.c:386:6:Error_Handler	4	static,ignoring_inline_asm
